Component: ARM Compiler 5.05 update 2 (build 169) Tool: armlink [4d0f33]

==============================================================================

Section Cross References

    main.o(.text) refers to memcpya.o(.text) for __aeabi_memcpy4
    main.o(.text) refers to lmx2592ls.o(.text) for WriteToLMX259x
    main.o(.text) refers to delay.o(.text) for Delay_Init
    main.o(.text) refers to usart1.o(.text) for USART1_Init
    main.o(.text) refers to temperature.o(.text) for T_Adc_Init
    main.o(.text) refers to stm32f0xx_gpio.o(.text) for GPIO_ReadInputDataBit
    main.o(.text) refers to printf1.o(i.__0printf$1) for __2printf
    main.o(.text) refers to stm32f0xx_usart.o(.text) for USART_SendData
    main.o(.text) refers to main.o(.constdata) for .constdata
    main.o(.text) refers to usart1.o(.data) for tim
    main.o(.text) refers to usart1.o(.bss) for WriteLMX259x
    lmx2592ls.o(.text) refers to stm32f0xx_rcc.o(.text) for RCC_AHBPeriphClockCmd
    lmx2592ls.o(.text) refers to stm32f0xx_gpio.o(.text) for GPIO_Init
    stm32f0xx_gpio.o(.text) refers to stm32f0xx_rcc.o(.text) for RCC_AHBPeriphResetCmd
    stm32f0xx_rcc.o(.text) refers to uidiv.o(.text) for __aeabi_uidivmod
    stm32f0xx_rcc.o(.text) refers to stm32f0xx_rcc.o(.data) for APBAHBPrescTable
    stm32f0xx_usart.o(.text) refers to stm32f0xx_rcc.o(.text) for RCC_APB2PeriphResetCmd
    stm32f0xx_usart.o(.text) refers to uidiv.o(.text) for __aeabi_uidivmod
    stm32f0xx_adc.o(.text) refers to stm32f0xx_rcc.o(.text) for RCC_APB2PeriphResetCmd
    led.o(.text) refers to stm32f0xx_rcc.o(.text) for RCC_AHBPeriphClockCmd
    led.o(.text) refers to stm32f0xx_gpio.o(.text) for GPIO_Init
    delay.o(.text) refers to delay.o(.data) for fac_ms
    temperature.o(.text) refers to stm32f0xx_rcc.o(.text) for RCC_APB2PeriphClockCmd
    temperature.o(.text) refers to stm32f0xx_gpio.o(.text) for GPIO_Init
    temperature.o(.text) refers to stm32f0xx_adc.o(.text) for ADC_Init
    temperature.o(.text) refers to printf1.o(i.__0printf$1) for __2printf
    temperature.o(.text) refers to idiv.o(.text) for __aeabi_idivmod
    temperature.o(.text) refers to dflti.o(.text) for __aeabi_i2d
    temperature.o(.text) refers to dadd.o(.text) for __aeabi_dsub
    temperature.o(.text) refers to ddiv.o(.text) for __aeabi_ddiv
    temperature.o(.text) refers to dfixi.o(.text) for __aeabi_d2iz
    temperature.o(.text) refers to delay.o(.text) for delay_ms
    temperature.o(.text) refers to uidiv.o(.text) for __aeabi_uidivmod
    temperature.o(.text) refers to ffltui.o(.text) for __aeabi_ui2f
    temperature.o(.text) refers to f2d.o(.text) for __aeabi_f2d
    temperature.o(.text) refers to dmul.o(.text) for __aeabi_dmul
    usart1.o(.text) refers to stm32f0xx_rcc.o(.text) for RCC_AHBPeriphClockCmd
    usart1.o(.text) refers to stm32f0xx_gpio.o(.text) for GPIO_PinAFConfig
    usart1.o(.text) refers to stm32f0xx_usart.o(.text) for USART_Init
    usart1.o(.text) refers to stm32f0xx_misc.o(.text) for NVIC_Init
    usart1.o(.text) refers to idiv.o(.text) for __aeabi_idivmod
    usart1.o(.text) refers to lmx2592ls.o(.text) for WriteToLMX259x
    usart1.o(.text) refers to usart1.o(.data) for num
    usart1.o(.text) refers to usart1.o(.bss) for WriteLMX259x
    startup_stm32f0xx_ld.o(RESET) refers to startup_stm32f0xx_ld.o(STACK) for __initial_sp
    startup_stm32f0xx_ld.o(RESET) refers to startup_stm32f0xx_ld.o(.text) for Reset_Handler
    startup_stm32f0xx_ld.o(RESET) refers to usart1.o(.text) for USART1_IRQHandler
    startup_stm32f0xx_ld.o(.text) refers to system_stm32f0xx.o(.text) for SystemInit
    startup_stm32f0xx_ld.o(.text) refers to entry.o(.ARM.Collect$$$$00000000) for __main
    system_stm32f0xx.o(.text) refers to uidiv.o(.text) for __aeabi_uidivmod
    system_stm32f0xx.o(.text) refers to system_stm32f0xx.o(.data) for SystemCoreClock
    entry.o(.ARM.Collect$$$$00000000) refers (Special) to entry10a.o(.ARM.Collect$$$$0000000D) for __rt_final_cpp
    entry.o(.ARM.Collect$$$$00000000) refers (Special) to entry11a.o(.ARM.Collect$$$$0000000F) for __rt_final_exit
    entry.o(.ARM.Collect$$$$00000000) refers (Special) to entry7b.o(.ARM.Collect$$$$00000008) for _main_clock
    entry.o(.ARM.Collect$$$$00000000) refers (Special) to entry8b.o(.ARM.Collect$$$$0000000A) for _main_cpp_init
    entry.o(.ARM.Collect$$$$00000000) refers (Special) to entry9a.o(.ARM.Collect$$$$0000000B) for _main_init
    entry.o(.ARM.Collect$$$$00000000) refers (Special) to entry5.o(.ARM.Collect$$$$00000004) for _main_scatterload
    entry.o(.ARM.Collect$$$$00000000) refers (Special) to entry2.o(.ARM.Collect$$$$00000001) for _main_stk
    idiv.o(.text) refers to uidiv.o(.text) for __aeabi_uidivmod
    printfb.o(i.__0fprintf$bare) refers to printfb.o(i._printf_core) for _printf_core
    printfb.o(i.__0fprintf$bare) refers to main.o(.text) for fputc
    printfb.o(i.__0printf$bare) refers to printfb.o(i._printf_core) for _printf_core
    printfb.o(i.__0printf$bare) refers to main.o(.text) for fputc
    printfb.o(i.__0printf$bare) refers to stdout.o(.data) for __stdout
    printfb.o(i.__0snprintf$bare) refers to printfb.o(i._printf_core) for _printf_core
    printfb.o(i.__0snprintf$bare) refers to printfb.o(i._snputc) for _snputc
    printfb.o(i.__0sprintf$bare) refers to printfb.o(i._printf_core) for _printf_core
    printfb.o(i.__0sprintf$bare) refers to printfb.o(i._sputc) for _sputc
    printfb.o(i.__0vfprintf$bare) refers to printfb.o(i._printf_core) for _printf_core
    printfb.o(i.__0vfprintf$bare) refers to main.o(.text) for fputc
    printfb.o(i.__0vprintf$bare) refers to printfb.o(i._printf_core) for _printf_core
    printfb.o(i.__0vprintf$bare) refers to main.o(.text) for fputc
    printfb.o(i.__0vprintf$bare) refers to stdout.o(.data) for __stdout
    printfb.o(i.__0vsnprintf$bare) refers to printfb.o(i._printf_core) for _printf_core
    printfb.o(i.__0vsnprintf$bare) refers to printfb.o(i._snputc) for _snputc
    printfb.o(i.__0vsprintf$bare) refers to printfb.o(i._printf_core) for _printf_core
    printfb.o(i.__0vsprintf$bare) refers to printfb.o(i._sputc) for _sputc
    printf0.o(i.__0fprintf$0) refers to printf0.o(i._printf_core) for _printf_core
    printf0.o(i.__0fprintf$0) refers to main.o(.text) for fputc
    printf0.o(i.__0printf$0) refers to printf0.o(i._printf_core) for _printf_core
    printf0.o(i.__0printf$0) refers to main.o(.text) for fputc
    printf0.o(i.__0printf$0) refers to stdout.o(.data) for __stdout
    printf0.o(i.__0snprintf$0) refers to printf0.o(i._printf_core) for _printf_core
    printf0.o(i.__0snprintf$0) refers to printf0.o(i._snputc) for _snputc
    printf0.o(i.__0sprintf$0) refers to printf0.o(i._printf_core) for _printf_core
    printf0.o(i.__0sprintf$0) refers to printf0.o(i._sputc) for _sputc
    printf0.o(i.__0vfprintf$0) refers to printf0.o(i._printf_core) for _printf_core
    printf0.o(i.__0vfprintf$0) refers to main.o(.text) for fputc
    printf0.o(i.__0vprintf$0) refers to printf0.o(i._printf_core) for _printf_core
    printf0.o(i.__0vprintf$0) refers to main.o(.text) for fputc
    printf0.o(i.__0vprintf$0) refers to stdout.o(.data) for __stdout
    printf0.o(i.__0vsnprintf$0) refers to printf0.o(i._printf_core) for _printf_core
    printf0.o(i.__0vsnprintf$0) refers to printf0.o(i._snputc) for _snputc
    printf0.o(i.__0vsprintf$0) refers to printf0.o(i._printf_core) for _printf_core
    printf0.o(i.__0vsprintf$0) refers to printf0.o(i._sputc) for _sputc
    printf1.o(i.__0fprintf$1) refers to printf1.o(i._printf_core) for _printf_core
    printf1.o(i.__0fprintf$1) refers to main.o(.text) for fputc
    printf1.o(i.__0printf$1) refers to printf1.o(i._printf_core) for _printf_core
    printf1.o(i.__0printf$1) refers to main.o(.text) for fputc
    printf1.o(i.__0printf$1) refers to stdout.o(.data) for __stdout
    printf1.o(i.__0snprintf$1) refers to printf1.o(i._printf_core) for _printf_core
    printf1.o(i.__0snprintf$1) refers to printf1.o(i._snputc) for _snputc
    printf1.o(i.__0sprintf$1) refers to printf1.o(i._printf_core) for _printf_core
    printf1.o(i.__0sprintf$1) refers to printf1.o(i._sputc) for _sputc
    printf1.o(i.__0vfprintf$1) refers to printf1.o(i._printf_core) for _printf_core
    printf1.o(i.__0vfprintf$1) refers to main.o(.text) for fputc
    printf1.o(i.__0vprintf$1) refers to printf1.o(i._printf_core) for _printf_core
    printf1.o(i.__0vprintf$1) refers to main.o(.text) for fputc
    printf1.o(i.__0vprintf$1) refers to stdout.o(.data) for __stdout
    printf1.o(i.__0vsnprintf$1) refers to printf1.o(i._printf_core) for _printf_core
    printf1.o(i.__0vsnprintf$1) refers to printf1.o(i._snputc) for _snputc
    printf1.o(i.__0vsprintf$1) refers to printf1.o(i._printf_core) for _printf_core
    printf1.o(i.__0vsprintf$1) refers to printf1.o(i._sputc) for _sputc
    printf1.o(i._printf_core) refers to uidiv.o(.text) for __aeabi_uidivmod
    printf2.o(i.__0fprintf$2) refers to printf2.o(i._printf_core) for _printf_core
    printf2.o(i.__0fprintf$2) refers to main.o(.text) for fputc
    printf2.o(i.__0printf$2) refers to printf2.o(i._printf_core) for _printf_core
    printf2.o(i.__0printf$2) refers to main.o(.text) for fputc
    printf2.o(i.__0printf$2) refers to stdout.o(.data) for __stdout
    printf2.o(i.__0snprintf$2) refers to printf2.o(i._printf_core) for _printf_core
    printf2.o(i.__0snprintf$2) refers to printf2.o(i._snputc) for _snputc
    printf2.o(i.__0sprintf$2) refers to printf2.o(i._printf_core) for _printf_core
    printf2.o(i.__0sprintf$2) refers to printf2.o(i._sputc) for _sputc
    printf2.o(i.__0vfprintf$2) refers to printf2.o(i._printf_core) for _printf_core
    printf2.o(i.__0vfprintf$2) refers to main.o(.text) for fputc
    printf2.o(i.__0vprintf$2) refers to printf2.o(i._printf_core) for _printf_core
    printf2.o(i.__0vprintf$2) refers to main.o(.text) for fputc
    printf2.o(i.__0vprintf$2) refers to stdout.o(.data) for __stdout
    printf2.o(i.__0vsnprintf$2) refers to printf2.o(i._printf_core) for _printf_core
    printf2.o(i.__0vsnprintf$2) refers to printf2.o(i._snputc) for _snputc
    printf2.o(i.__0vsprintf$2) refers to printf2.o(i._printf_core) for _printf_core
    printf2.o(i.__0vsprintf$2) refers to printf2.o(i._sputc) for _sputc
    printf3.o(i.__0fprintf$3) refers to printf3.o(i._printf_core) for _printf_core
    printf3.o(i.__0fprintf$3) refers to main.o(.text) for fputc
    printf3.o(i.__0printf$3) refers to printf3.o(i._printf_core) for _printf_core
    printf3.o(i.__0printf$3) refers to main.o(.text) for fputc
    printf3.o(i.__0printf$3) refers to stdout.o(.data) for __stdout
    printf3.o(i.__0snprintf$3) refers to printf3.o(i._printf_core) for _printf_core
    printf3.o(i.__0snprintf$3) refers to printf3.o(i._snputc) for _snputc
    printf3.o(i.__0sprintf$3) refers to printf3.o(i._printf_core) for _printf_core
    printf3.o(i.__0sprintf$3) refers to printf3.o(i._sputc) for _sputc
    printf3.o(i.__0vfprintf$3) refers to printf3.o(i._printf_core) for _printf_core
    printf3.o(i.__0vfprintf$3) refers to main.o(.text) for fputc
    printf3.o(i.__0vprintf$3) refers to printf3.o(i._printf_core) for _printf_core
    printf3.o(i.__0vprintf$3) refers to main.o(.text) for fputc
    printf3.o(i.__0vprintf$3) refers to stdout.o(.data) for __stdout
    printf3.o(i.__0vsnprintf$3) refers to printf3.o(i._printf_core) for _printf_core
    printf3.o(i.__0vsnprintf$3) refers to printf3.o(i._snputc) for _snputc
    printf3.o(i.__0vsprintf$3) refers to printf3.o(i._printf_core) for _printf_core
    printf3.o(i.__0vsprintf$3) refers to printf3.o(i._sputc) for _sputc
    printf3.o(i._printf_core) refers to uidiv.o(.text) for __aeabi_uidivmod
    printf4.o(i.__0fprintf$4) refers to printf4.o(i._printf_core) for _printf_core
    printf4.o(i.__0fprintf$4) refers to main.o(.text) for fputc
    printf4.o(i.__0printf$4) refers to printf4.o(i._printf_core) for _printf_core
    printf4.o(i.__0printf$4) refers to main.o(.text) for fputc
    printf4.o(i.__0printf$4) refers to stdout.o(.data) for __stdout
    printf4.o(i.__0snprintf$4) refers to printf4.o(i._printf_core) for _printf_core
    printf4.o(i.__0snprintf$4) refers to printf4.o(i._snputc) for _snputc
    printf4.o(i.__0sprintf$4) refers to printf4.o(i._printf_core) for _printf_core
    printf4.o(i.__0sprintf$4) refers to printf4.o(i._sputc) for _sputc
    printf4.o(i.__0vfprintf$4) refers to printf4.o(i._printf_core) for _printf_core
    printf4.o(i.__0vfprintf$4) refers to main.o(.text) for fputc
    printf4.o(i.__0vprintf$4) refers to printf4.o(i._printf_core) for _printf_core
    printf4.o(i.__0vprintf$4) refers to main.o(.text) for fputc
    printf4.o(i.__0vprintf$4) refers to stdout.o(.data) for __stdout
    printf4.o(i.__0vsnprintf$4) refers to printf4.o(i._printf_core) for _printf_core
    printf4.o(i.__0vsnprintf$4) refers to printf4.o(i._snputc) for _snputc
    printf4.o(i.__0vsprintf$4) refers to printf4.o(i._printf_core) for _printf_core
    printf4.o(i.__0vsprintf$4) refers to printf4.o(i._sputc) for _sputc
    printf4.o(i._printf_core) refers to uldiv.o(.text) for __aeabi_uldivmod
    printf5.o(i.__0fprintf$5) refers to printf5.o(i._printf_core) for _printf_core
    printf5.o(i.__0fprintf$5) refers to main.o(.text) for fputc
    printf5.o(i.__0printf$5) refers to printf5.o(i._printf_core) for _printf_core
    printf5.o(i.__0printf$5) refers to main.o(.text) for fputc
    printf5.o(i.__0printf$5) refers to stdout.o(.data) for __stdout
    printf5.o(i.__0snprintf$5) refers to printf5.o(i._printf_core) for _printf_core
    printf5.o(i.__0snprintf$5) refers to printf5.o(i._snputc) for _snputc
    printf5.o(i.__0sprintf$5) refers to printf5.o(i._printf_core) for _printf_core
    printf5.o(i.__0sprintf$5) refers to printf5.o(i._sputc) for _sputc
    printf5.o(i.__0vfprintf$5) refers to printf5.o(i._printf_core) for _printf_core
    printf5.o(i.__0vfprintf$5) refers to main.o(.text) for fputc
    printf5.o(i.__0vprintf$5) refers to printf5.o(i._printf_core) for _printf_core
    printf5.o(i.__0vprintf$5) refers to main.o(.text) for fputc
    printf5.o(i.__0vprintf$5) refers to stdout.o(.data) for __stdout
    printf5.o(i.__0vsnprintf$5) refers to printf5.o(i._printf_core) for _printf_core
    printf5.o(i.__0vsnprintf$5) refers to printf5.o(i._snputc) for _snputc
    printf5.o(i.__0vsprintf$5) refers to printf5.o(i._printf_core) for _printf_core
    printf5.o(i.__0vsprintf$5) refers to printf5.o(i._sputc) for _sputc
    printf5.o(i._printf_core) refers to uldiv.o(.text) for __aeabi_uldivmod
    printf6.o(i.__0fprintf$6) refers to printf6.o(i._printf_core) for _printf_core
    printf6.o(i.__0fprintf$6) refers to main.o(.text) for fputc
    printf6.o(i.__0printf$6) refers to printf6.o(i._printf_core) for _printf_core
    printf6.o(i.__0printf$6) refers to main.o(.text) for fputc
    printf6.o(i.__0printf$6) refers to stdout.o(.data) for __stdout
    printf6.o(i.__0snprintf$6) refers to printf6.o(i._printf_core) for _printf_core
    printf6.o(i.__0snprintf$6) refers to printf6.o(i._snputc) for _snputc
    printf6.o(i.__0sprintf$6) refers to printf6.o(i._printf_core) for _printf_core
    printf6.o(i.__0sprintf$6) refers to printf6.o(i._sputc) for _sputc
    printf6.o(i.__0vfprintf$6) refers to printf6.o(i._printf_core) for _printf_core
    printf6.o(i.__0vfprintf$6) refers to main.o(.text) for fputc
    printf6.o(i.__0vprintf$6) refers to printf6.o(i._printf_core) for _printf_core
    printf6.o(i.__0vprintf$6) refers to main.o(.text) for fputc
    printf6.o(i.__0vprintf$6) refers to stdout.o(.data) for __stdout
    printf6.o(i.__0vsnprintf$6) refers to printf6.o(i._printf_core) for _printf_core
    printf6.o(i.__0vsnprintf$6) refers to printf6.o(i._snputc) for _snputc
    printf6.o(i.__0vsprintf$6) refers to printf6.o(i._printf_core) for _printf_core
    printf6.o(i.__0vsprintf$6) refers to printf6.o(i._sputc) for _sputc
    printf6.o(i._printf_core) refers to printf6.o(i._printf_pre_padding) for _printf_pre_padding
    printf6.o(i._printf_core) refers to printf6.o(i._printf_post_padding) for _printf_post_padding
    printf6.o(i._printf_core) refers to uidiv.o(.text) for __aeabi_uidivmod
    printf7.o(i.__0fprintf$7) refers to printf7.o(i._printf_core) for _printf_core
    printf7.o(i.__0fprintf$7) refers to main.o(.text) for fputc
    printf7.o(i.__0printf$7) refers to printf7.o(i._printf_core) for _printf_core
    printf7.o(i.__0printf$7) refers to main.o(.text) for fputc
    printf7.o(i.__0printf$7) refers to stdout.o(.data) for __stdout
    printf7.o(i.__0snprintf$7) refers to printf7.o(i._printf_core) for _printf_core
    printf7.o(i.__0snprintf$7) refers to printf7.o(i._snputc) for _snputc
    printf7.o(i.__0sprintf$7) refers to printf7.o(i._printf_core) for _printf_core
    printf7.o(i.__0sprintf$7) refers to printf7.o(i._sputc) for _sputc
    printf7.o(i.__0vfprintf$7) refers to printf7.o(i._printf_core) for _printf_core
    printf7.o(i.__0vfprintf$7) refers to main.o(.text) for fputc
    printf7.o(i.__0vprintf$7) refers to printf7.o(i._printf_core) for _printf_core
    printf7.o(i.__0vprintf$7) refers to main.o(.text) for fputc
    printf7.o(i.__0vprintf$7) refers to stdout.o(.data) for __stdout
    printf7.o(i.__0vsnprintf$7) refers to printf7.o(i._printf_core) for _printf_core
    printf7.o(i.__0vsnprintf$7) refers to printf7.o(i._snputc) for _snputc
    printf7.o(i.__0vsprintf$7) refers to printf7.o(i._printf_core) for _printf_core
    printf7.o(i.__0vsprintf$7) refers to printf7.o(i._sputc) for _sputc
    printf7.o(i._printf_core) refers to printf7.o(i._printf_pre_padding) for _printf_pre_padding
    printf7.o(i._printf_core) refers to printf7.o(i._printf_post_padding) for _printf_post_padding
    printf7.o(i._printf_core) refers to uldiv.o(.text) for __aeabi_uldivmod
    printf8.o(i.__0fprintf$8) refers to printf8.o(i._printf_core) for _printf_core
    printf8.o(i.__0fprintf$8) refers to main.o(.text) for fputc
    printf8.o(i.__0printf$8) refers to printf8.o(i._printf_core) for _printf_core
    printf8.o(i.__0printf$8) refers to main.o(.text) for fputc
    printf8.o(i.__0printf$8) refers to stdout.o(.data) for __stdout
    printf8.o(i.__0snprintf$8) refers to printf8.o(i._printf_core) for _printf_core
    printf8.o(i.__0snprintf$8) refers to printf8.o(i._snputc) for _snputc
    printf8.o(i.__0sprintf$8) refers to printf8.o(i._printf_core) for _printf_core
    printf8.o(i.__0sprintf$8) refers to printf8.o(i._sputc) for _sputc
    printf8.o(i.__0vfprintf$8) refers to printf8.o(i._printf_core) for _printf_core
    printf8.o(i.__0vfprintf$8) refers to main.o(.text) for fputc
    printf8.o(i.__0vprintf$8) refers to printf8.o(i._printf_core) for _printf_core
    printf8.o(i.__0vprintf$8) refers to main.o(.text) for fputc
    printf8.o(i.__0vprintf$8) refers to stdout.o(.data) for __stdout
    printf8.o(i.__0vsnprintf$8) refers to printf8.o(i._printf_core) for _printf_core
    printf8.o(i.__0vsnprintf$8) refers to printf8.o(i._snputc) for _snputc
    printf8.o(i.__0vsprintf$8) refers to printf8.o(i._printf_core) for _printf_core
    printf8.o(i.__0vsprintf$8) refers to printf8.o(i._sputc) for _sputc
    printf8.o(i._printf_core) refers to printf8.o(i._printf_pre_padding) for _printf_pre_padding
    printf8.o(i._printf_core) refers to printf8.o(i._printf_post_padding) for _printf_post_padding
    printf8.o(i._printf_core) refers to uldiv.o(.text) for __aeabi_uldivmod
    printfa.o(i.__0fprintf) refers (Special) to iusefp.o(.text) for __I$use$fp
    printfa.o(i.__0fprintf) refers to printfa.o(i._printf_core) for _printf_core
    printfa.o(i.__0fprintf) refers to main.o(.text) for fputc
    printfa.o(i.__0printf) refers (Special) to iusefp.o(.text) for __I$use$fp
    printfa.o(i.__0printf) refers to printfa.o(i._printf_core) for _printf_core
    printfa.o(i.__0printf) refers to main.o(.text) for fputc
    printfa.o(i.__0printf) refers to stdout.o(.data) for __stdout
    printfa.o(i.__0snprintf) refers (Special) to iusefp.o(.text) for __I$use$fp
    printfa.o(i.__0snprintf) refers to printfa.o(i._printf_core) for _printf_core
    printfa.o(i.__0snprintf) refers to printfa.o(i._snputc) for _snputc
    printfa.o(i.__0sprintf) refers (Special) to iusefp.o(.text) for __I$use$fp
    printfa.o(i.__0sprintf) refers to printfa.o(i._printf_core) for _printf_core
    printfa.o(i.__0sprintf) refers to printfa.o(i._sputc) for _sputc
    printfa.o(i.__0vfprintf) refers (Special) to iusefp.o(.text) for __I$use$fp
    printfa.o(i.__0vfprintf) refers to printfa.o(i._printf_core) for _printf_core
    printfa.o(i.__0vfprintf) refers to main.o(.text) for fputc
    printfa.o(i.__0vprintf) refers (Special) to iusefp.o(.text) for __I$use$fp
    printfa.o(i.__0vprintf) refers to printfa.o(i._printf_core) for _printf_core
    printfa.o(i.__0vprintf) refers to main.o(.text) for fputc
    printfa.o(i.__0vprintf) refers to stdout.o(.data) for __stdout
    printfa.o(i.__0vsnprintf) refers (Special) to iusefp.o(.text) for __I$use$fp
    printfa.o(i.__0vsnprintf) refers to printfa.o(i._printf_core) for _printf_core
    printfa.o(i.__0vsnprintf) refers to printfa.o(i._snputc) for _snputc
    printfa.o(i.__0vsprintf) refers (Special) to iusefp.o(.text) for __I$use$fp
    printfa.o(i.__0vsprintf) refers to printfa.o(i._printf_core) for _printf_core
    printfa.o(i.__0vsprintf) refers to printfa.o(i._sputc) for _sputc
    printfa.o(i._fp_digits) refers (Special) to iusefp.o(.text) for __I$use$fp
    printfa.o(i._fp_digits) refers to dmul.o(.text) for __aeabi_dmul
    printfa.o(i._fp_digits) refers to ddiv.o(.text) for __aeabi_ddiv
    printfa.o(i._fp_digits) refers to cdrcmple.o(.text) for __aeabi_cdrcmple
    printfa.o(i._fp_digits) refers to dadd.o(.text) for __aeabi_dadd
    printfa.o(i._fp_digits) refers to dfixul.o(.text) for __aeabi_d2ulz
    printfa.o(i._fp_digits) refers to uldiv.o(.text) for __aeabi_uldivmod
    printfa.o(i._printf_core) refers (Special) to iusefp.o(.text) for __I$use$fp
    printfa.o(i._printf_core) refers to printfa.o(i._printf_pre_padding) for _printf_pre_padding
    printfa.o(i._printf_core) refers to uldiv.o(.text) for __aeabi_uldivmod
    printfa.o(i._printf_core) refers to printfa.o(i._printf_post_padding) for _printf_post_padding
    printfa.o(i._printf_core) refers to printfa.o(i._fp_digits) for _fp_digits
    printfa.o(i._printf_core) refers to uidiv.o(.text) for __aeabi_uidivmod
    printfa.o(i._printf_post_padding) refers (Special) to iusefp.o(.text) for __I$use$fp
    printfa.o(i._printf_pre_padding) refers (Special) to iusefp.o(.text) for __I$use$fp
    printfa.o(i._snputc) refers (Special) to iusefp.o(.text) for __I$use$fp
    printfa.o(i._sputc) refers (Special) to iusefp.o(.text) for __I$use$fp
    dadd.o(.text) refers (Special) to iusefp.o(.text) for __I$use$fp
    dadd.o(.text) refers to llshl.o(.text) for __aeabi_llsl
    dadd.o(.text) refers to llsshr.o(.text) for __aeabi_lasr
    dadd.o(.text) refers to depilogue.o(.text) for _double_epilogue
    dmul.o(.text) refers (Special) to iusefp.o(.text) for __I$use$fp
    dmul.o(.text) refers to depilogue.o(.text) for _double_epilogue
    ddiv.o(.text) refers (Special) to iusefp.o(.text) for __I$use$fp
    ddiv.o(.text) refers to depilogue.o(.text) for _double_round
    ffltui.o(.text) refers (Special) to iusefp.o(.text) for __I$use$fp
    ffltui.o(.text) refers to fepilogue.o(.text) for _float_epilogue
    dflti.o(.text) refers (Special) to iusefp.o(.text) for __I$use$fp
    dflti.o(.text) refers to depilogue.o(.text) for _double_epilogue
    dfixi.o(.text) refers (Special) to iusefp.o(.text) for __I$use$fp
    dfixi.o(.text) refers to llushr.o(.text) for __aeabi_llsr
    f2d.o(.text) refers (Special) to iusefp.o(.text) for __I$use$fp
    entry2.o(.ARM.Collect$$$$00000001) refers to entry2.o(.ARM.Collect$$$$00002712) for __lit__00000000
    entry2.o(.ARM.Collect$$$$00002712) refers to startup_stm32f0xx_ld.o(STACK) for __initial_sp
    entry2.o(__vectab_stack_and_reset_area) refers to startup_stm32f0xx_ld.o(STACK) for __initial_sp
    entry2.o(__vectab_stack_and_reset_area) refers to entry.o(.ARM.Collect$$$$00000000) for __main
    entry5.o(.ARM.Collect$$$$00000004) refers to init.o(.text) for __scatterload
    entry9a.o(.ARM.Collect$$$$0000000B) refers to main.o(.text) for main
    entry9b.o(.ARM.Collect$$$$0000000C) refers to main.o(.text) for main
    uldiv.o(.text) refers to llushr.o(.text) for __aeabi_llsr
    uldiv.o(.text) refers to llshl.o(.text) for __aeabi_llsl
    depilogue.o(.text) refers to depilogue.o(i.__ARM_clz) for __ARM_clz
    depilogue.o(.text) refers to llshl.o(.text) for __aeabi_llsl
    depilogue.o(.text) refers to llushr.o(.text) for __aeabi_llsr
    dfixul.o(.text) refers to llushr.o(.text) for __aeabi_llsr
    dfixul.o(.text) refers to llshl.o(.text) for __aeabi_llsl
    init.o(.text) refers to entry5.o(.ARM.Collect$$$$00000004) for __main_after_scatterload


==============================================================================

Removing Unused input sections from the image.

    Removing main.o(.rev16_text), (4 bytes).
    Removing main.o(.revsh_text), (4 bytes).
    Removing lmx2592ls.o(.rev16_text), (4 bytes).
    Removing lmx2592ls.o(.revsh_text), (4 bytes).
    Removing stm32f0xx_gpio.o(.rev16_text), (4 bytes).
    Removing stm32f0xx_gpio.o(.revsh_text), (4 bytes).
    Removing stm32f0xx_rcc.o(.rev16_text), (4 bytes).
    Removing stm32f0xx_rcc.o(.revsh_text), (4 bytes).
    Removing stm32f0xx_usart.o(.rev16_text), (4 bytes).
    Removing stm32f0xx_usart.o(.revsh_text), (4 bytes).
    Removing stm32f0xx_adc.o(.rev16_text), (4 bytes).
    Removing stm32f0xx_adc.o(.revsh_text), (4 bytes).
    Removing stm32f0xx_misc.o(.rev16_text), (4 bytes).
    Removing stm32f0xx_misc.o(.revsh_text), (4 bytes).
    Removing led.o(.rev16_text), (4 bytes).
    Removing led.o(.revsh_text), (4 bytes).
    Removing led.o(.text), (66 bytes).
    Removing delay.o(.rev16_text), (4 bytes).
    Removing delay.o(.revsh_text), (4 bytes).
    Removing temperature.o(.rev16_text), (4 bytes).
    Removing temperature.o(.revsh_text), (4 bytes).
    Removing usart1.o(.rev16_text), (4 bytes).
    Removing usart1.o(.revsh_text), (4 bytes).
    Removing startup_stm32f0xx_ld.o(HEAP), (512 bytes).
    Removing system_stm32f0xx.o(.rev16_text), (4 bytes).
    Removing system_stm32f0xx.o(.revsh_text), (4 bytes).
    Removing dfixul.o(.text), (64 bytes).
    Removing cdrcmple.o(.text), (40 bytes).

28 unused section(s) (total 778 bytes) removed from the image.

==============================================================================

Image Symbol Table

    Local Symbols

    Symbol Name                              Value     Ov Type        Size  Object(Section)

    ../clib/microlib/division.c              0x00000000   Number         0  uidiv.o ABSOLUTE
    ../clib/microlib/division.c              0x00000000   Number         0  idiv.o ABSOLUTE
    ../clib/microlib/division.c              0x00000000   Number         0  uldiv.o ABSOLUTE
    ../clib/microlib/init/entry.s            0x00000000   Number         0  entry11a.o ABSOLUTE
    ../clib/microlib/init/entry.s            0x00000000   Number         0  entry.o ABSOLUTE
    ../clib/microlib/init/entry.s            0x00000000   Number         0  entry10b.o ABSOLUTE
    ../clib/microlib/init/entry.s            0x00000000   Number         0  entry11b.o ABSOLUTE
    ../clib/microlib/init/entry.s            0x00000000   Number         0  entry10a.o ABSOLUTE
    ../clib/microlib/init/entry.s            0x00000000   Number         0  entry8a.o ABSOLUTE
    ../clib/microlib/init/entry.s            0x00000000   Number         0  entry2.o ABSOLUTE
    ../clib/microlib/init/entry.s            0x00000000   Number         0  entry5.o ABSOLUTE
    ../clib/microlib/init/entry.s            0x00000000   Number         0  entry7a.o ABSOLUTE
    ../clib/microlib/init/entry.s            0x00000000   Number         0  entry9b.o ABSOLUTE
    ../clib/microlib/init/entry.s            0x00000000   Number         0  entry9a.o ABSOLUTE
    ../clib/microlib/init/entry.s            0x00000000   Number         0  entry7b.o ABSOLUTE
    ../clib/microlib/init/entry.s            0x00000000   Number         0  entry8b.o ABSOLUTE
    ../clib/microlib/longlong.c              0x00000000   Number         0  llsshr.o ABSOLUTE
    ../clib/microlib/longlong.c              0x00000000   Number         0  llshl.o ABSOLUTE
    ../clib/microlib/longlong.c              0x00000000   Number         0  llushr.o ABSOLUTE
    ../clib/microlib/printf/printf.c         0x00000000   Number         0  printf3.o ABSOLUTE
    ../clib/microlib/printf/printf.c         0x00000000   Number         0  printf6.o ABSOLUTE
    ../clib/microlib/printf/printf.c         0x00000000   Number         0  printf7.o ABSOLUTE
    ../clib/microlib/printf/printf.c         0x00000000   Number         0  printf1.o ABSOLUTE
    ../clib/microlib/printf/printf.c         0x00000000   Number         0  printf0.o ABSOLUTE
    ../clib/microlib/printf/printf.c         0x00000000   Number         0  printfb.o ABSOLUTE
    ../clib/microlib/printf/printf.c         0x00000000   Number         0  printf8.o ABSOLUTE
    ../clib/microlib/printf/printf.c         0x00000000   Number         0  printfa.o ABSOLUTE
    ../clib/microlib/printf/printf.c         0x00000000   Number         0  printf2.o ABSOLUTE
    ../clib/microlib/printf/printf.c         0x00000000   Number         0  printf4.o ABSOLUTE
    ../clib/microlib/printf/printf.c         0x00000000   Number         0  printf5.o ABSOLUTE
    ../clib/microlib/printf/stubs.s          0x00000000   Number         0  stubs.o ABSOLUTE
    ../clib/microlib/stdio/streams.c         0x00000000   Number         0  stdout.o ABSOLUTE
    ../clib/microlib/string/memcpy.c         0x00000000   Number         0  memcpya.o ABSOLUTE
    ../clib/microlib/string/memcpy.c         0x00000000   Number         0  memcpyb.o ABSOLUTE
    ../clib/microlib/stubs.s                 0x00000000   Number         0  iusefp.o ABSOLUTE
    ../fplib/microlib/f2d.c                  0x00000000   Number         0  f2d.o ABSOLUTE
    ../fplib/microlib/fpadd.c                0x00000000   Number         0  dadd.o ABSOLUTE
    ../fplib/microlib/fpdiv.c                0x00000000   Number         0  ddiv.o ABSOLUTE
    ../fplib/microlib/fpepilogue.c           0x00000000   Number         0  fepilogue.o ABSOLUTE
    ../fplib/microlib/fpepilogue.c           0x00000000   Number         0  depilogue.o ABSOLUTE
    ../fplib/microlib/fpfix.c                0x00000000   Number         0  dfixi.o ABSOLUTE
    ../fplib/microlib/fpfix.c                0x00000000   Number         0  dfixul.o ABSOLUTE
    ../fplib/microlib/fpflt.c                0x00000000   Number         0  dflti.o ABSOLUTE
    ../fplib/microlib/fpflt.c                0x00000000   Number         0  ffltui.o ABSOLUTE
    ../fplib/microlib/fpmul.c                0x00000000   Number         0  dmul.o ABSOLUTE
    ..\My_Lib\LED\led.c                      0x00000000   Number         0  led.o ABSOLUTE
    ..\My_Lib\delay\delay.c                  0x00000000   Number         0  delay.o ABSOLUTE
    ..\My_Lib\temperature\temperature.c      0x00000000   Number         0  temperature.o ABSOLUTE
    ..\My_Lib\uart\USART1.c                  0x00000000   Number         0  usart1.o ABSOLUTE
    ..\ST_Lib\src\stm32f0xx_adc.c            0x00000000   Number         0  stm32f0xx_adc.o ABSOLUTE
    ..\ST_Lib\src\stm32f0xx_gpio.c           0x00000000   Number         0  stm32f0xx_gpio.o ABSOLUTE
    ..\ST_Lib\src\stm32f0xx_misc.c           0x00000000   Number         0  stm32f0xx_misc.o ABSOLUTE
    ..\ST_Lib\src\stm32f0xx_rcc.c            0x00000000   Number         0  stm32f0xx_rcc.o ABSOLUTE
    ..\ST_Lib\src\stm32f0xx_usart.c          0x00000000   Number         0  stm32f0xx_usart.o ABSOLUTE
    ..\System\CMSIS\system_stm32f0xx.c       0x00000000   Number         0  system_stm32f0xx.o ABSOLUTE
    ..\System\startup\startup_stm32f0xx_ld.s 0x00000000   Number         0  startup_stm32f0xx_ld.o ABSOLUTE
    ..\User\LMX2592LS.c                      0x00000000   Number         0  lmx2592ls.o ABSOLUTE
    ..\User\main.c                           0x00000000   Number         0  main.o ABSOLUTE
    ..\\My_Lib\\LED\\led.c                   0x00000000   Number         0  led.o ABSOLUTE
    ..\\My_Lib\\delay\\delay.c               0x00000000   Number         0  delay.o ABSOLUTE
    ..\\My_Lib\\temperature\\temperature.c   0x00000000   Number         0  temperature.o ABSOLUTE
    ..\\My_Lib\\uart\\USART1.c               0x00000000   Number         0  usart1.o ABSOLUTE
    ..\\ST_Lib\\src\\stm32f0xx_adc.c         0x00000000   Number         0  stm32f0xx_adc.o ABSOLUTE
    ..\\ST_Lib\\src\\stm32f0xx_gpio.c        0x00000000   Number         0  stm32f0xx_gpio.o ABSOLUTE
    ..\\ST_Lib\\src\\stm32f0xx_misc.c        0x00000000   Number         0  stm32f0xx_misc.o ABSOLUTE
    ..\\ST_Lib\\src\\stm32f0xx_rcc.c         0x00000000   Number         0  stm32f0xx_rcc.o ABSOLUTE
    ..\\ST_Lib\\src\\stm32f0xx_usart.c       0x00000000   Number         0  stm32f0xx_usart.o ABSOLUTE
    ..\\System\\CMSIS\\system_stm32f0xx.c    0x00000000   Number         0  system_stm32f0xx.o ABSOLUTE
    ..\\User\\LMX2592LS.c                    0x00000000   Number         0  lmx2592ls.o ABSOLUTE
    ..\\User\\main.c                         0x00000000   Number         0  main.o ABSOLUTE
    cdrcmple.s                               0x00000000   Number         0  cdrcmple.o ABSOLUTE
    dc.s                                     0x00000000   Number         0  dc.o ABSOLUTE
    handlers.s                               0x00000000   Number         0  handlers.o ABSOLUTE
    init.s                                   0x00000000   Number         0  init.o ABSOLUTE
    RESET                                    0x08000000   Section      176  startup_stm32f0xx_ld.o(RESET)
    .ARM.Collect$$$$00000000                 0x080000b0   Section        0  entry.o(.ARM.Collect$$$$00000000)
    .ARM.Collect$$$$00000001                 0x080000b0   Section        4  entry2.o(.ARM.Collect$$$$00000001)
    .ARM.Collect$$$$00000004                 0x080000b4   Section        4  entry5.o(.ARM.Collect$$$$00000004)
    .ARM.Collect$$$$00000008                 0x080000b8   Section        0  entry7b.o(.ARM.Collect$$$$00000008)
    .ARM.Collect$$$$0000000A                 0x080000b8   Section        0  entry8b.o(.ARM.Collect$$$$0000000A)
    .ARM.Collect$$$$0000000B                 0x080000b8   Section        8  entry9a.o(.ARM.Collect$$$$0000000B)
    .ARM.Collect$$$$0000000D                 0x080000c0   Section        0  entry10a.o(.ARM.Collect$$$$0000000D)
    .ARM.Collect$$$$0000000F                 0x080000c0   Section        0  entry11a.o(.ARM.Collect$$$$0000000F)
    .ARM.Collect$$$$00002712                 0x080000c0   Section        4  entry2.o(.ARM.Collect$$$$00002712)
    __lit__00000000                          0x080000c0   Data           4  entry2.o(.ARM.Collect$$$$00002712)
    .text                                    0x080000c4   Section        0  main.o(.text)
    .text                                    0x080001fc   Section        0  lmx2592ls.o(.text)
    delay                                    0x080001fd   Thumb Code    16  lmx2592ls.o(.text)
    .text                                    0x0800045c   Section        0  stm32f0xx_gpio.o(.text)
    .text                                    0x0800064c   Section        0  stm32f0xx_rcc.o(.text)
    .text                                    0x08000c44   Section        0  stm32f0xx_usart.o(.text)
    .text                                    0x080011b8   Section        0  stm32f0xx_adc.o(.text)
    .text                                    0x080014a0   Section        0  stm32f0xx_misc.o(.text)
    .text                                    0x08001554   Section        0  delay.o(.text)
    .text                                    0x0800160c   Section        0  temperature.o(.text)
    .text                                    0x08001858   Section        0  usart1.o(.text)
    .text                                    0x0800199c   Section       28  startup_stm32f0xx_ld.o(.text)
    .text                                    0x080019b8   Section        0  system_stm32f0xx.o(.text)
    SetSysClock                              0x080019b9   Thumb Code   346  system_stm32f0xx.o(.text)
    .text                                    0x08001c3c   Section        0  uidiv.o(.text)
    .text                                    0x08001c68   Section        0  idiv.o(.text)
    .text                                    0x08001c90   Section        0  memcpya.o(.text)
    .text                                    0x08001cb4   Section        0  dadd.o(.text)
    .text                                    0x08001e18   Section        0  dmul.o(.text)
    .text                                    0x08001ee8   Section        0  ddiv.o(.text)
    .text                                    0x08001fd8   Section        0  ffltui.o(.text)
    .text                                    0x08001fe8   Section        0  dflti.o(.text)
    .text                                    0x08002010   Section        0  dfixi.o(.text)
    .text                                    0x08002058   Section        0  f2d.o(.text)
    .text                                    0x08002080   Section        0  llshl.o(.text)
    .text                                    0x080020a0   Section        0  llushr.o(.text)
    .text                                    0x080020c2   Section        0  llsshr.o(.text)
    .text                                    0x080020e8   Section        0  iusefp.o(.text)
    .text                                    0x080020e8   Section        0  fepilogue.o(.text)
    .text                                    0x0800216a   Section        0  depilogue.o(.text)
    .text                                    0x08002228   Section       36  init.o(.text)
    i.__0printf$1                            0x0800224c   Section        0  printf1.o(i.__0printf$1)
    i.__ARM_clz                              0x0800226c   Section        0  depilogue.o(i.__ARM_clz)
    i.__scatterload_copy                     0x0800229a   Section       14  handlers.o(i.__scatterload_copy)
    i.__scatterload_null                     0x080022a8   Section        2  handlers.o(i.__scatterload_null)
    i.__scatterload_zeroinit                 0x080022aa   Section       14  handlers.o(i.__scatterload_zeroinit)
    i._printf_core                           0x080022b8   Section        0  printf1.o(i._printf_core)
    _printf_core                             0x080022b9   Thumb Code   332  printf1.o(i._printf_core)
    .constdata                               0x08002408   Section      352  main.o(.constdata)
    .data                                    0x20000000   Section       16  stm32f0xx_rcc.o(.data)
    APBAHBPrescTable                         0x20000000   Data          16  stm32f0xx_rcc.o(.data)
    .data                                    0x20000010   Section        3  delay.o(.data)
    .data                                    0x20000014   Section       16  usart1.o(.data)
    .data                                    0x20000024   Section       20  system_stm32f0xx.o(.data)
    .data                                    0x20000038   Section        4  stdout.o(.data)
    .bss                                     0x2000003c   Section      176  usart1.o(.bss)
    STACK                                    0x200000f0   Section     1024  startup_stm32f0xx_ld.o(STACK)

    Global Symbols

    Symbol Name                              Value     Ov Type        Size  Object(Section)

    BuildAttributes$$THM_ISAv3M$S$PE$A:L22$X:L11$S22$IEEE1$IW$USESV6$~STKCKD$USESV7$~SHL$OTIME$ROPI$EBA8$MICROLIB$REQ8$PRES8$EABIv2 0x00000000   Number         0  anon$$obj.o ABSOLUTE
    __ARM_use_no_argv                        0x00000000   Number         0  main.o ABSOLUTE
    _printf_a                                0x00000000   Number         0  stubs.o ABSOLUTE
    _printf_c                                0x00000000   Number         0  stubs.o ABSOLUTE
    _printf_charcount                        0x00000000   Number         0  stubs.o ABSOLUTE
    _printf_d                                0x00000000   Number         0  stubs.o ABSOLUTE
    _printf_e                                0x00000000   Number         0  stubs.o ABSOLUTE
    _printf_f                                0x00000000   Number         0  stubs.o ABSOLUTE
    _printf_flags                            0x00000000   Number         0  stubs.o ABSOLUTE
    _printf_fp_dec                           0x00000000   Number         0  stubs.o ABSOLUTE
    _printf_fp_hex                           0x00000000   Number         0  stubs.o ABSOLUTE
    _printf_g                                0x00000000   Number         0  stubs.o ABSOLUTE
    _printf_i                                0x00000000   Number         0  stubs.o ABSOLUTE
    _printf_int_dec                          0x00000000   Number         0  stubs.o ABSOLUTE
    _printf_l                                0x00000000   Number         0  stubs.o ABSOLUTE
    _printf_lc                               0x00000000   Number         0  stubs.o ABSOLUTE
    _printf_ll                               0x00000000   Number         0  stubs.o ABSOLUTE
    _printf_lld                              0x00000000   Number         0  stubs.o ABSOLUTE
    _printf_lli                              0x00000000   Number         0  stubs.o ABSOLUTE
    _printf_llo                              0x00000000   Number         0  stubs.o ABSOLUTE
    _printf_llu                              0x00000000   Number         0  stubs.o ABSOLUTE
    _printf_llx                              0x00000000   Number         0  stubs.o ABSOLUTE
    _printf_longlong_dec                     0x00000000   Number         0  stubs.o ABSOLUTE
    _printf_longlong_hex                     0x00000000   Number         0  stubs.o ABSOLUTE
    _printf_longlong_oct                     0x00000000   Number         0  stubs.o ABSOLUTE
    _printf_ls                               0x00000000   Number         0  stubs.o ABSOLUTE
    _printf_mbtowc                           0x00000000   Number         0  stubs.o ABSOLUTE
    _printf_n                                0x00000000   Number         0  stubs.o ABSOLUTE
    _printf_o                                0x00000000   Number         0  stubs.o ABSOLUTE
    _printf_p                                0x00000000   Number         0  stubs.o ABSOLUTE
    _printf_percent                          0x00000000   Number         0  stubs.o ABSOLUTE
    _printf_pre_padding                      0x00000000   Number         0  stubs.o ABSOLUTE
    _printf_return_value                     0x00000000   Number         0  stubs.o ABSOLUTE
    _printf_s                                0x00000000   Number         0  stubs.o ABSOLUTE
    _printf_sizespec                         0x00000000   Number         0  stubs.o ABSOLUTE
    _printf_str                              0x00000000   Number         0  stubs.o ABSOLUTE
    _printf_truncate_signed                  0x00000000   Number         0  stubs.o ABSOLUTE
    _printf_truncate_unsigned                0x00000000   Number         0  stubs.o ABSOLUTE
    _printf_u                                0x00000000   Number         0  stubs.o ABSOLUTE
    _printf_wc                               0x00000000   Number         0  stubs.o ABSOLUTE
    _printf_wctomb                           0x00000000   Number         0  stubs.o ABSOLUTE
    _printf_widthprec                        0x00000000   Number         0  stubs.o ABSOLUTE
    _printf_x                                0x00000000   Number         0  stubs.o ABSOLUTE
    __cpp_initialize__aeabi_                  - Undefined Weak Reference
    __cxa_finalize                            - Undefined Weak Reference
    __decompress                              - Undefined Weak Reference
    _clock_init                               - Undefined Weak Reference
    _microlib_exit                            - Undefined Weak Reference
    __Vectors_Size                           0x000000b0   Number         0  startup_stm32f0xx_ld.o ABSOLUTE
    __Vectors                                0x08000000   Data           4  startup_stm32f0xx_ld.o(RESET)
    __Vectors_End                            0x080000b0   Data           0  startup_stm32f0xx_ld.o(RESET)
    __main                                   0x080000b1   Thumb Code     0  entry.o(.ARM.Collect$$$$00000000)
    _main_stk                                0x080000b1   Thumb Code     0  entry2.o(.ARM.Collect$$$$00000001)
    _main_scatterload                        0x080000b5   Thumb Code     0  entry5.o(.ARM.Collect$$$$00000004)
    __main_after_scatterload                 0x080000b9   Thumb Code     0  entry5.o(.ARM.Collect$$$$00000004)
    _main_clock                              0x080000b9   Thumb Code     0  entry7b.o(.ARM.Collect$$$$00000008)
    _main_cpp_init                           0x080000b9   Thumb Code     0  entry8b.o(.ARM.Collect$$$$0000000A)
    _main_init                               0x080000b9   Thumb Code     0  entry9a.o(.ARM.Collect$$$$0000000B)
    __rt_final_cpp                           0x080000c1   Thumb Code     0  entry10a.o(.ARM.Collect$$$$0000000D)
    __rt_final_exit                          0x080000c1   Thumb Code     0  entry11a.o(.ARM.Collect$$$$0000000F)
    config_High                              0x080000c5   Thumb Code    26  main.o(.text)
    config_Low                               0x080000df   Thumb Code    28  main.o(.text)
    main                                     0x080000fb   Thumb Code   154  main.o(.text)
    fputc                                    0x08000195   Thumb Code    32  main.o(.text)
    GetKey                                   0x080001b5   Thumb Code    26  main.o(.text)
    ReadFromLMX259x                          0x0800020d   Thumb Code   238  lmx2592ls.o(.text)
    WriteToLMX259x                           0x080002fb   Thumb Code   158  lmx2592ls.o(.text)
    WriteToLMX259xRegister                   0x08000399   Thumb Code   116  lmx2592ls.o(.text)
    LMX259xGPIO_Ini                          0x0800040d   Thumb Code    68  lmx2592ls.o(.text)
    Init_LMX259x                             0x08000451   Thumb Code     8  lmx2592ls.o(.text)
    GPIO_DeInit                              0x0800045d   Thumb Code   132  stm32f0xx_gpio.o(.text)
    GPIO_Init                                0x080004e1   Thumb Code   144  stm32f0xx_gpio.o(.text)
    GPIO_StructInit                          0x08000571   Thumb Code    20  stm32f0xx_gpio.o(.text)
    GPIO_PinLockConfig                       0x08000585   Thumb Code    34  stm32f0xx_gpio.o(.text)
    GPIO_ReadInputDataBit                    0x080005a7   Thumb Code    20  stm32f0xx_gpio.o(.text)
    GPIO_ReadInputData                       0x080005bb   Thumb Code     6  stm32f0xx_gpio.o(.text)
    GPIO_ReadOutputDataBit                   0x080005c1   Thumb Code    20  stm32f0xx_gpio.o(.text)
    GPIO_ReadOutputData                      0x080005d5   Thumb Code     6  stm32f0xx_gpio.o(.text)
    GPIO_SetBits                             0x080005db   Thumb Code     4  stm32f0xx_gpio.o(.text)
    GPIO_ResetBits                           0x080005df   Thumb Code     4  stm32f0xx_gpio.o(.text)
    GPIO_WriteBit                            0x080005e3   Thumb Code    12  stm32f0xx_gpio.o(.text)
    GPIO_Write                               0x080005ef   Thumb Code     4  stm32f0xx_gpio.o(.text)
    GPIO_PinAFConfig                         0x080005f3   Thumb Code    68  stm32f0xx_gpio.o(.text)
    RCC_DeInit                               0x0800064d   Thumb Code   104  stm32f0xx_rcc.o(.text)
    RCC_HSEConfig                            0x080006b5   Thumb Code    12  stm32f0xx_rcc.o(.text)
    RCC_GetFlagStatus                        0x080006c1   Thumb Code    68  stm32f0xx_rcc.o(.text)
    RCC_WaitForHSEStartUp                    0x08000705   Thumb Code    60  stm32f0xx_rcc.o(.text)
    RCC_AdjustHSICalibrationValue            0x08000741   Thumb Code    26  stm32f0xx_rcc.o(.text)
    RCC_HSICmd                               0x0800075b   Thumb Code    32  stm32f0xx_rcc.o(.text)
    RCC_AdjustHSI14CalibrationValue          0x0800077b   Thumb Code    26  stm32f0xx_rcc.o(.text)
    RCC_HSI14Cmd                             0x08000795   Thumb Code    32  stm32f0xx_rcc.o(.text)
    RCC_HSI14ADCRequestCmd                   0x080007b5   Thumb Code    32  stm32f0xx_rcc.o(.text)
    RCC_LSEConfig                            0x080007d5   Thumb Code    34  stm32f0xx_rcc.o(.text)
    RCC_LSEDriveConfig                       0x080007f7   Thumb Code    22  stm32f0xx_rcc.o(.text)
    RCC_LSICmd                               0x0800080d   Thumb Code    32  stm32f0xx_rcc.o(.text)
    RCC_PLLConfig                            0x0800082d   Thumb Code    30  stm32f0xx_rcc.o(.text)
    RCC_PLLCmd                               0x0800084b   Thumb Code    36  stm32f0xx_rcc.o(.text)
    RCC_PREDIV1Config                        0x0800086f   Thumb Code    24  stm32f0xx_rcc.o(.text)
    RCC_ClockSecuritySystemCmd               0x08000887   Thumb Code    36  stm32f0xx_rcc.o(.text)
    RCC_MCOConfig                            0x080008ab   Thumb Code     6  stm32f0xx_rcc.o(.text)
    RCC_SYSCLKConfig                         0x080008b1   Thumb Code    24  stm32f0xx_rcc.o(.text)
    RCC_GetSYSCLKSource                      0x080008c9   Thumb Code    10  stm32f0xx_rcc.o(.text)
    RCC_HCLKConfig                           0x080008d3   Thumb Code    28  stm32f0xx_rcc.o(.text)
    RCC_PCLKConfig                           0x080008ef   Thumb Code    30  stm32f0xx_rcc.o(.text)
    RCC_ADCCLKConfig                         0x0800090d   Thumb Code    52  stm32f0xx_rcc.o(.text)
    RCC_CECCLKConfig                         0x08000941   Thumb Code    22  stm32f0xx_rcc.o(.text)
    RCC_I2CCLKConfig                         0x08000957   Thumb Code    22  stm32f0xx_rcc.o(.text)
    RCC_USARTCLKConfig                       0x0800096d   Thumb Code    22  stm32f0xx_rcc.o(.text)
    RCC_GetClocksFreq                        0x08000983   Thumb Code   368  stm32f0xx_rcc.o(.text)
    RCC_RTCCLKConfig                         0x08000af3   Thumb Code    12  stm32f0xx_rcc.o(.text)
    RCC_RTCCLKCmd                            0x08000aff   Thumb Code    36  stm32f0xx_rcc.o(.text)
    RCC_BackupResetCmd                       0x08000b23   Thumb Code    36  stm32f0xx_rcc.o(.text)
    RCC_AHBPeriphClockCmd                    0x08000b47   Thumb Code    28  stm32f0xx_rcc.o(.text)
    RCC_APB2PeriphClockCmd                   0x08000b63   Thumb Code    28  stm32f0xx_rcc.o(.text)
    RCC_APB1PeriphClockCmd                   0x08000b7f   Thumb Code    28  stm32f0xx_rcc.o(.text)
    RCC_AHBPeriphResetCmd                    0x08000b9b   Thumb Code    28  stm32f0xx_rcc.o(.text)
    RCC_APB2PeriphResetCmd                   0x08000bb7   Thumb Code    28  stm32f0xx_rcc.o(.text)
    RCC_APB1PeriphResetCmd                   0x08000bd3   Thumb Code    28  stm32f0xx_rcc.o(.text)
    RCC_ITConfig                             0x08000bef   Thumb Code    28  stm32f0xx_rcc.o(.text)
    RCC_ClearFlag                            0x08000c0b   Thumb Code    16  stm32f0xx_rcc.o(.text)
    RCC_GetITStatus                          0x08000c1b   Thumb Code    22  stm32f0xx_rcc.o(.text)
    RCC_ClearITPendingBit                    0x08000c31   Thumb Code     6  stm32f0xx_rcc.o(.text)
    USART_DeInit                             0x08000c45   Thumb Code    56  stm32f0xx_usart.o(.text)
    USART_Init                               0x08000c7d   Thumb Code   234  stm32f0xx_usart.o(.text)
    USART_StructInit                         0x08000d67   Thumb Code    24  stm32f0xx_usart.o(.text)
    USART_ClockInit                          0x08000d7f   Thumb Code    36  stm32f0xx_usart.o(.text)
    USART_ClockStructInit                    0x08000da3   Thumb Code    12  stm32f0xx_usart.o(.text)
    USART_Cmd                                0x08000daf   Thumb Code    24  stm32f0xx_usart.o(.text)
    USART_DirectionModeCmd                   0x08000dc7   Thumb Code    20  stm32f0xx_usart.o(.text)
    USART_OverSampling8Cmd                   0x08000ddb   Thumb Code    28  stm32f0xx_usart.o(.text)
    USART_OneBitMethodCmd                    0x08000df7   Thumb Code    28  stm32f0xx_usart.o(.text)
    USART_MSBFirstCmd                        0x08000e13   Thumb Code    28  stm32f0xx_usart.o(.text)
    USART_DataInvCmd                         0x08000e2f   Thumb Code    28  stm32f0xx_usart.o(.text)
    USART_InvPinCmd                          0x08000e4b   Thumb Code    20  stm32f0xx_usart.o(.text)
    USART_SWAPPinCmd                         0x08000e5f   Thumb Code    28  stm32f0xx_usart.o(.text)
    USART_ReceiverTimeOutCmd                 0x08000e7b   Thumb Code    28  stm32f0xx_usart.o(.text)
    USART_SetReceiverTimeOut                 0x08000e97   Thumb Code    16  stm32f0xx_usart.o(.text)
    USART_SetPrescaler                       0x08000ea7   Thumb Code    18  stm32f0xx_usart.o(.text)
    USART_STOPModeCmd                        0x08000eb9   Thumb Code    24  stm32f0xx_usart.o(.text)
    USART_StopModeWakeUpSourceConfig         0x08000ed1   Thumb Code    18  stm32f0xx_usart.o(.text)
    USART_AutoBaudRateCmd                    0x08000ee3   Thumb Code    28  stm32f0xx_usart.o(.text)
    USART_AutoBaudRateConfig                 0x08000eff   Thumb Code    18  stm32f0xx_usart.o(.text)
    USART_AutoBaudRateNewRequest             0x08000f11   Thumb Code    12  stm32f0xx_usart.o(.text)
    USART_SendData                           0x08000f1d   Thumb Code     8  stm32f0xx_usart.o(.text)
    USART_ReceiveData                        0x08000f25   Thumb Code    10  stm32f0xx_usart.o(.text)
    USART_SetAddress                         0x08000f2f   Thumb Code    18  stm32f0xx_usart.o(.text)
    USART_MuteModeCmd                        0x08000f41   Thumb Code    28  stm32f0xx_usart.o(.text)
    USART_MuteModeWakeUpConfig               0x08000f5d   Thumb Code    18  stm32f0xx_usart.o(.text)
    USART_AddressDetectionConfig             0x08000f6f   Thumb Code    16  stm32f0xx_usart.o(.text)
    USART_LINBreakDetectLengthConfig         0x08000f7f   Thumb Code    16  stm32f0xx_usart.o(.text)
    USART_LINCmd                             0x08000f8f   Thumb Code    28  stm32f0xx_usart.o(.text)
    USART_HalfDuplexCmd                      0x08000fab   Thumb Code    24  stm32f0xx_usart.o(.text)
    USART_SetGuardTime                       0x08000fc3   Thumb Code    16  stm32f0xx_usart.o(.text)
    USART_SmartCardCmd                       0x08000fd3   Thumb Code    24  stm32f0xx_usart.o(.text)
    USART_SmartCardNACKCmd                   0x08000feb   Thumb Code    24  stm32f0xx_usart.o(.text)
    USART_SetAutoRetryCount                  0x08001003   Thumb Code    20  stm32f0xx_usart.o(.text)
    USART_SetBlockLength                     0x08001017   Thumb Code    30  stm32f0xx_usart.o(.text)
    USART_IrDAConfig                         0x08001035   Thumb Code    16  stm32f0xx_usart.o(.text)
    USART_IrDACmd                            0x08001045   Thumb Code    24  stm32f0xx_usart.o(.text)
    USART_DECmd                              0x0800105d   Thumb Code    28  stm32f0xx_usart.o(.text)
    USART_DEPolarityConfig                   0x08001079   Thumb Code    18  stm32f0xx_usart.o(.text)
    USART_SetDEAssertionTime                 0x0800108b   Thumb Code    20  stm32f0xx_usart.o(.text)
    USART_SetDEDeassertionTime               0x0800109f   Thumb Code    20  stm32f0xx_usart.o(.text)
    USART_DMACmd                             0x080010b3   Thumb Code    20  stm32f0xx_usart.o(.text)
    USART_DMAReceptionErrorConfig            0x080010c7   Thumb Code    18  stm32f0xx_usart.o(.text)
    USART_ITConfig                           0x080010d9   Thumb Code    66  stm32f0xx_usart.o(.text)
    USART_RequestCmd                         0x0800111b   Thumb Code    20  stm32f0xx_usart.o(.text)
    USART_OverrunDetectionConfig             0x0800112f   Thumb Code    18  stm32f0xx_usart.o(.text)
    USART_GetFlagStatus                      0x08001141   Thumb Code    20  stm32f0xx_usart.o(.text)
    USART_ClearFlag                          0x08001155   Thumb Code     4  stm32f0xx_usart.o(.text)
    USART_GetITStatus                        0x08001159   Thumb Code    78  stm32f0xx_usart.o(.text)
    USART_ClearITPendingBit                  0x080011a7   Thumb Code    18  stm32f0xx_usart.o(.text)
    ADC_DeInit                               0x080011b9   Thumb Code    28  stm32f0xx_adc.o(.text)
    ADC_Init                                 0x080011d5   Thumb Code    40  stm32f0xx_adc.o(.text)
    ADC_StructInit                           0x080011fd   Thumb Code    16  stm32f0xx_adc.o(.text)
    ADC_Cmd                                  0x0800120d   Thumb Code    24  stm32f0xx_adc.o(.text)
    ADC_JitterCmd                            0x08001225   Thumb Code    20  stm32f0xx_adc.o(.text)
    ADC_AutoPowerOffCmd                      0x08001239   Thumb Code    28  stm32f0xx_adc.o(.text)
    ADC_WaitModeCmd                          0x08001255   Thumb Code    28  stm32f0xx_adc.o(.text)
    ADC_AnalogWatchdogCmd                    0x08001271   Thumb Code    28  stm32f0xx_adc.o(.text)
    ADC_AnalogWatchdogThresholdsConfig       0x0800128d   Thumb Code     8  stm32f0xx_adc.o(.text)
    ADC_AnalogWatchdogSingleChannelConfig    0x08001295   Thumb Code    28  stm32f0xx_adc.o(.text)
    ADC_AnalogWatchdogSingleChannelCmd       0x080012b1   Thumb Code    28  stm32f0xx_adc.o(.text)
    ADC_TempSensorCmd                        0x080012cd   Thumb Code    36  stm32f0xx_adc.o(.text)
    ADC_VrefintCmd                           0x080012f1   Thumb Code    36  stm32f0xx_adc.o(.text)
    ADC_VbatCmd                              0x08001315   Thumb Code    36  stm32f0xx_adc.o(.text)
    ADC_ChannelConfig                        0x08001339   Thumb Code    24  stm32f0xx_adc.o(.text)
    ADC_ContinuousModeCmd                    0x08001351   Thumb Code    28  stm32f0xx_adc.o(.text)
    ADC_DiscModeCmd                          0x0800136d   Thumb Code    28  stm32f0xx_adc.o(.text)
    ADC_OverrunModeCmd                       0x08001389   Thumb Code    28  stm32f0xx_adc.o(.text)
    ADC_GetCalibrationFactor                 0x080013a5   Thumb Code    60  stm32f0xx_adc.o(.text)
    ADC_StopOfConversion                     0x080013e1   Thumb Code    10  stm32f0xx_adc.o(.text)
    ADC_StartOfConversion                    0x080013eb   Thumb Code    10  stm32f0xx_adc.o(.text)
    ADC_GetConversionValue                   0x080013f5   Thumb Code     8  stm32f0xx_adc.o(.text)
    ADC_DMACmd                               0x080013fd   Thumb Code    24  stm32f0xx_adc.o(.text)
    ADC_DMARequestModeConfig                 0x08001415   Thumb Code    16  stm32f0xx_adc.o(.text)
    ADC_ITConfig                             0x08001425   Thumb Code    20  stm32f0xx_adc.o(.text)
    ADC_GetFlagStatus                        0x08001439   Thumb Code    48  stm32f0xx_adc.o(.text)
    ADC_ClearFlag                            0x08001469   Thumb Code     4  stm32f0xx_adc.o(.text)
    ADC_GetITStatus                          0x0800146d   Thumb Code    34  stm32f0xx_adc.o(.text)
    ADC_ClearITPendingBit                    0x0800148f   Thumb Code     4  stm32f0xx_adc.o(.text)
    NVIC_Init                                0x080014a1   Thumb Code   106  stm32f0xx_misc.o(.text)
    NVIC_SystemLPConfig                      0x0800150b   Thumb Code    28  stm32f0xx_misc.o(.text)
    SysTick_CLKSourceConfig                  0x08001527   Thumb Code    32  stm32f0xx_misc.o(.text)
    delay_ms                                 0x08001555   Thumb Code    58  delay.o(.text)
    Delay_Init                               0x0800158f   Thumb Code    54  delay.o(.text)
    delay_us                                 0x080015c5   Thumb Code    58  delay.o(.text)
    T_Adc_Init                               0x0800160d   Thumb Code   118  temperature.o(.text)
    Get_Temperature                          0x08001683   Thumb Code   144  temperature.o(.text)
    T_Get_Adc                                0x08001713   Thumb Code    48  temperature.o(.text)
    T_Get_Temp                               0x08001743   Thumb Code    42  temperature.o(.text)
    T_Get_Adc_Average                        0x0800176d   Thumb Code    42  temperature.o(.text)
    Get_Temprate                             0x08001797   Thumb Code   128  temperature.o(.text)
    USART1_Init                              0x08001859   Thumb Code   144  usart1.o(.text)
    USART1_IRQHandler                        0x080018e9   Thumb Code   150  usart1.o(.text)
    Reset_Handler                            0x0800199d   Thumb Code     8  startup_stm32f0xx_ld.o(.text)
    NMI_Handler                              0x080019a5   Thumb Code     2  startup_stm32f0xx_ld.o(.text)
    HardFault_Handler                        0x080019a7   Thumb Code     2  startup_stm32f0xx_ld.o(.text)
    SVC_Handler                              0x080019a9   Thumb Code     2  startup_stm32f0xx_ld.o(.text)
    PendSV_Handler                           0x080019ab   Thumb Code     2  startup_stm32f0xx_ld.o(.text)
    SysTick_Handler                          0x080019ad   Thumb Code     2  startup_stm32f0xx_ld.o(.text)
    ADC1_IRQHandler                          0x080019af   Thumb Code     0  startup_stm32f0xx_ld.o(.text)
    DMA1_Channel1_IRQHandler                 0x080019af   Thumb Code     0  startup_stm32f0xx_ld.o(.text)
    DMA1_Channel2_3_IRQHandler               0x080019af   Thumb Code     0  startup_stm32f0xx_ld.o(.text)
    DMA1_Channel4_5_IRQHandler               0x080019af   Thumb Code     0  startup_stm32f0xx_ld.o(.text)
    EXTI0_1_IRQHandler                       0x080019af   Thumb Code     0  startup_stm32f0xx_ld.o(.text)
    EXTI2_3_IRQHandler                       0x080019af   Thumb Code     0  startup_stm32f0xx_ld.o(.text)
    EXTI4_15_IRQHandler                      0x080019af   Thumb Code     0  startup_stm32f0xx_ld.o(.text)
    FLASH_IRQHandler                         0x080019af   Thumb Code     0  startup_stm32f0xx_ld.o(.text)
    I2C1_IRQHandler                          0x080019af   Thumb Code     0  startup_stm32f0xx_ld.o(.text)
    PVD_IRQHandler                           0x080019af   Thumb Code     0  startup_stm32f0xx_ld.o(.text)
    RCC_IRQHandler                           0x080019af   Thumb Code     0  startup_stm32f0xx_ld.o(.text)
    RTC_IRQHandler                           0x080019af   Thumb Code     0  startup_stm32f0xx_ld.o(.text)
    SPI1_IRQHandler                          0x080019af   Thumb Code     0  startup_stm32f0xx_ld.o(.text)
    TIM14_IRQHandler                         0x080019af   Thumb Code     0  startup_stm32f0xx_ld.o(.text)
    TIM16_IRQHandler                         0x080019af   Thumb Code     0  startup_stm32f0xx_ld.o(.text)
    TIM17_IRQHandler                         0x080019af   Thumb Code     0  startup_stm32f0xx_ld.o(.text)
    TIM1_BRK_UP_TRG_COM_IRQHandler           0x080019af   Thumb Code     0  startup_stm32f0xx_ld.o(.text)
    TIM1_CC_IRQHandler                       0x080019af   Thumb Code     0  startup_stm32f0xx_ld.o(.text)
    TIM2_IRQHandler                          0x080019af   Thumb Code     0  startup_stm32f0xx_ld.o(.text)
    TIM3_IRQHandler                          0x080019af   Thumb Code     0  startup_stm32f0xx_ld.o(.text)
    WWDG_IRQHandler                          0x080019af   Thumb Code     0  startup_stm32f0xx_ld.o(.text)
    SystemInit                               0x08001b13   Thumb Code   110  system_stm32f0xx.o(.text)
    SystemCoreClockUpdate                    0x08001b81   Thumb Code   154  system_stm32f0xx.o(.text)
    __aeabi_uidiv                            0x08001c3d   Thumb Code     0  uidiv.o(.text)
    __aeabi_uidivmod                         0x08001c3d   Thumb Code    44  uidiv.o(.text)
    __aeabi_idiv                             0x08001c69   Thumb Code     0  idiv.o(.text)
    __aeabi_idivmod                          0x08001c69   Thumb Code    40  idiv.o(.text)
    __aeabi_memcpy                           0x08001c91   Thumb Code    36  memcpya.o(.text)
    __aeabi_memcpy4                          0x08001c91   Thumb Code     0  memcpya.o(.text)
    __aeabi_memcpy8                          0x08001c91   Thumb Code     0  memcpya.o(.text)
    __aeabi_dadd                             0x08001cb5   Thumb Code   328  dadd.o(.text)
    __aeabi_dsub                             0x08001dfd   Thumb Code    12  dadd.o(.text)
    __aeabi_drsub                            0x08001e09   Thumb Code    12  dadd.o(.text)
    __aeabi_dmul                             0x08001e19   Thumb Code   202  dmul.o(.text)
    __aeabi_ddiv                             0x08001ee9   Thumb Code   234  ddiv.o(.text)
    __aeabi_ui2f                             0x08001fd9   Thumb Code    14  ffltui.o(.text)
    __aeabi_i2d                              0x08001fe9   Thumb Code    34  dflti.o(.text)
    __aeabi_d2iz                             0x08002011   Thumb Code    62  dfixi.o(.text)
    __aeabi_f2d                              0x08002059   Thumb Code    40  f2d.o(.text)
    __aeabi_llsl                             0x08002081   Thumb Code    32  llshl.o(.text)
    _ll_shift_l                              0x08002081   Thumb Code     0  llshl.o(.text)
    __aeabi_llsr                             0x080020a1   Thumb Code    34  llushr.o(.text)
    _ll_ushift_r                             0x080020a1   Thumb Code     0  llushr.o(.text)
    __aeabi_lasr                             0x080020c3   Thumb Code    38  llsshr.o(.text)
    _ll_sshift_r                             0x080020c3   Thumb Code     0  llsshr.o(.text)
    __I$use$fp                               0x080020e9   Thumb Code     0  iusefp.o(.text)
    _float_round                             0x080020e9   Thumb Code    16  fepilogue.o(.text)
    _float_epilogue                          0x080020f9   Thumb Code   114  fepilogue.o(.text)
    _double_round                            0x0800216b   Thumb Code    26  depilogue.o(.text)
    _double_epilogue                         0x08002185   Thumb Code   164  depilogue.o(.text)
    __scatterload                            0x08002229   Thumb Code    28  init.o(.text)
    __scatterload_rt2                        0x08002229   Thumb Code     0  init.o(.text)
    __0printf$1                              0x0800224d   Thumb Code    24  printf1.o(i.__0printf$1)
    __1printf$1                              0x0800224d   Thumb Code     0  printf1.o(i.__0printf$1)
    __2printf                                0x0800224d   Thumb Code     0  printf1.o(i.__0printf$1)
    __ARM_clz                                0x0800226d   Thumb Code    46  depilogue.o(i.__ARM_clz)
    __scatterload_copy                       0x0800229b   Thumb Code    14  handlers.o(i.__scatterload_copy)
    __scatterload_null                       0x080022a9   Thumb Code     2  handlers.o(i.__scatterload_null)
    __scatterload_zeroinit                   0x080022ab   Thumb Code    14  handlers.o(i.__scatterload_zeroinit)
    Region$$Table$$Base                      0x08002568   Number         0  anon$$obj.o(Region$$Table)
    Region$$Table$$Limit                     0x08002588   Number         0  anon$$obj.o(Region$$Table)
    fac_ms                                   0x20000010   Data           2  delay.o(.data)
    fac_us                                   0x20000012   Data           1  delay.o(.data)
    i                                        0x20000014   Data           4  usart1.o(.data)
    j                                        0x20000018   Data           4  usart1.o(.data)
    num                                      0x2000001c   Data           4  usart1.o(.data)
    tim                                      0x20000020   Data           4  usart1.o(.data)
    SystemCoreClock                          0x20000024   Data           4  system_stm32f0xx.o(.data)
    AHBPrescTable                            0x20000028   Data          16  system_stm32f0xx.o(.data)
    __stdout                                 0x20000038   Data           4  stdout.o(.data)
    WriteLMX259x                             0x2000003c   Data         176  usart1.o(.bss)
    __initial_sp                             0x200004f0   Data           0  startup_stm32f0xx_ld.o(STACK)



==============================================================================

Memory Map of the image

  Image Entry point : 0x080000b1

  Load Region LR_IROM1 (Base: 0x08000000, Size: 0x000025c4, Max: 0x00004000, ABSOLUTE)

    Execution Region ER_IROM1 (Base: 0x08000000, Size: 0x00002588, Max: 0x00004000, ABSOLUTE)

    Base Addr    Size         Type   Attr      Idx    E Section Name        Object

    0x08000000   0x000000b0   Data   RO          357    RESET               startup_stm32f0xx_ld.o
    0x080000b0   0x00000000   Code   RO          388  * .ARM.Collect$$$$00000000  mc_p.l(entry.o)
    0x080000b0   0x00000004   Code   RO          674    .ARM.Collect$$$$00000001  mc_p.l(entry2.o)
    0x080000b4   0x00000004   Code   RO          677    .ARM.Collect$$$$00000004  mc_p.l(entry5.o)
    0x080000b8   0x00000000   Code   RO          679    .ARM.Collect$$$$00000008  mc_p.l(entry7b.o)
    0x080000b8   0x00000000   Code   RO          681    .ARM.Collect$$$$0000000A  mc_p.l(entry8b.o)
    0x080000b8   0x00000008   Code   RO          682    .ARM.Collect$$$$0000000B  mc_p.l(entry9a.o)
    0x080000c0   0x00000000   Code   RO          684    .ARM.Collect$$$$0000000D  mc_p.l(entry10a.o)
    0x080000c0   0x00000000   Code   RO          686    .ARM.Collect$$$$0000000F  mc_p.l(entry11a.o)
    0x080000c0   0x00000004   Code   RO          675    .ARM.Collect$$$$00002712  mc_p.l(entry2.o)
    0x080000c4   0x00000138   Code   RO            3    .text               main.o
    0x080001fc   0x00000260   Code   RO          142    .text               lmx2592ls.o
    0x0800045c   0x000001f0   Code   RO          162    .text               stm32f0xx_gpio.o
    0x0800064c   0x000005f8   Code   RO          182    .text               stm32f0xx_rcc.o
    0x08000c44   0x00000574   Code   RO          204    .text               stm32f0xx_usart.o
    0x080011b8   0x000002e8   Code   RO          224    .text               stm32f0xx_adc.o
    0x080014a0   0x000000b4   Code   RO          244    .text               stm32f0xx_misc.o
    0x08001554   0x000000b8   Code   RO          284    .text               delay.o
    0x0800160c   0x0000024c   Code   RO          310    .text               temperature.o
    0x08001858   0x00000144   Code   RO          330    .text               usart1.o
    0x0800199c   0x0000001c   Code   RO          358    .text               startup_stm32f0xx_ld.o
    0x080019b8   0x00000284   Code   RO          364    .text               system_stm32f0xx.o
    0x08001c3c   0x0000002c   Code   RO          391    .text               mc_p.l(uidiv.o)
    0x08001c68   0x00000028   Code   RO          393    .text               mc_p.l(idiv.o)
    0x08001c90   0x00000024   Code   RO          395    .text               mc_p.l(memcpya.o)
    0x08001cb4   0x00000164   Code   RO          660    .text               mf_p.l(dadd.o)
    0x08001e18   0x000000d0   Code   RO          662    .text               mf_p.l(dmul.o)
    0x08001ee8   0x000000f0   Code   RO          664    .text               mf_p.l(ddiv.o)
    0x08001fd8   0x0000000e   Code   RO          666    .text               mf_p.l(ffltui.o)
    0x08001fe6   0x00000002   PAD
    0x08001fe8   0x00000028   Code   RO          668    .text               mf_p.l(dflti.o)
    0x08002010   0x00000048   Code   RO          670    .text               mf_p.l(dfixi.o)
    0x08002058   0x00000028   Code   RO          672    .text               mf_p.l(f2d.o)
    0x08002080   0x00000020   Code   RO          691    .text               mc_p.l(llshl.o)
    0x080020a0   0x00000022   Code   RO          693    .text               mc_p.l(llushr.o)
    0x080020c2   0x00000026   Code   RO          695    .text               mc_p.l(llsshr.o)
    0x080020e8   0x00000000   Code   RO          697    .text               mc_p.l(iusefp.o)
    0x080020e8   0x00000082   Code   RO          698    .text               mf_p.l(fepilogue.o)
    0x0800216a   0x000000be   Code   RO          700    .text               mf_p.l(depilogue.o)
    0x08002228   0x00000024   Code   RO          708    .text               mc_p.l(init.o)
    0x0800224c   0x00000020   Code   RO          444    i.__0printf$1       mc_p.l(printf1.o)
    0x0800226c   0x0000002e   Code   RO          702    i.__ARM_clz         mf_p.l(depilogue.o)
    0x0800229a   0x0000000e   Code   RO          712    i.__scatterload_copy  mc_p.l(handlers.o)
    0x080022a8   0x00000002   Code   RO          713    i.__scatterload_null  mc_p.l(handlers.o)
    0x080022aa   0x0000000e   Code   RO          714    i.__scatterload_zeroinit  mc_p.l(handlers.o)
    0x080022b8   0x00000150   Code   RO          451    i._printf_core      mc_p.l(printf1.o)
    0x08002408   0x00000160   Data   RO            4    .constdata          main.o
    0x08002568   0x00000020   Data   RO          710    Region$$Table       anon$$obj.o


    Execution Region RW_IRAM1 (Base: 0x20000000, Size: 0x000004f0, Max: 0x00001000, ABSOLUTE)

    Base Addr    Size         Type   Attr      Idx    E Section Name        Object

    0x20000000   0x00000010   Data   RW          183    .data               stm32f0xx_rcc.o
    0x20000010   0x00000003   Data   RW          285    .data               delay.o
    0x20000013   0x00000001   PAD
    0x20000014   0x00000010   Data   RW          332    .data               usart1.o
    0x20000024   0x00000014   Data   RW          365    .data               system_stm32f0xx.o
    0x20000038   0x00000004   Data   RW          688    .data               mc_p.l(stdout.o)
    0x2000003c   0x000000b0   Zero   RW          331    .bss                usart1.o
    0x200000ec   0x00000004   PAD
    0x200000f0   0x00000400   Zero   RW          355    STACK               startup_stm32f0xx_ld.o


==============================================================================

Image component sizes


      Code (inc. data)   RO Data    RW Data    ZI Data      Debug   Object Name

       184         14          0          3          0       1007   delay.o
       608          4          0          0          0       1865   lmx2592ls.o
       312         46        352          0          0     123387   main.o
        28          8        176          0       1024        612   startup_stm32f0xx_ld.o
       744         14          0          0          0       6707   stm32f0xx_adc.o
       496         22          0          0          0       3541   stm32f0xx_gpio.o
       180         14          0          0          0       1232   stm32f0xx_misc.o
      1528         42          0         16          0       8322   stm32f0xx_rcc.o
      1396         12          0          0          0      11895   stm32f0xx_usart.o
       644         34          0         20          0       1667   system_stm32f0xx.o
       588         66          0          0          0       1765   temperature.o
       324         30          0         16        176       1511   usart1.o

    ----------------------------------------------------------------------
      7032        306        560         56       1204     163511   Object Totals
         0          0         32          0          0          0   (incl. Generated)
         0          0          0          1          4          0   (incl. Padding)

    ----------------------------------------------------------------------

      Code (inc. data)   RO Data    RW Data    ZI Data      Debug   Library Member Name

         0          0          0          0          0          0   entry.o
         0          0          0          0          0          0   entry10a.o
         0          0          0          0          0          0   entry11a.o
         8          4          0          0          0          0   entry2.o
         4          0          0          0          0          0   entry5.o
         0          0          0          0          0          0   entry7b.o
         0          0          0          0          0          0   entry8b.o
         8          4          0          0          0          0   entry9a.o
        30          0          0          0          0          0   handlers.o
        40          0          0          0          0         72   idiv.o
        36          8          0          0          0         68   init.o
         0          0          0          0          0          0   iusefp.o
        32          0          0          0          0         68   llshl.o
        38          0          0          0          0         68   llsshr.o
        34          0          0          0          0         68   llushr.o
        36          0          0          0          0         60   memcpya.o
       368         12          0          0          0        168   printf1.o
         0          0          0          4          0          0   stdout.o
        44          0          0          0          0         72   uidiv.o
       356          4          0          0          0        140   dadd.o
       240          6          0          0          0         84   ddiv.o
       236          0          0          0          0        216   depilogue.o
        72         10          0          0          0         72   dfixi.o
        40          6          0          0          0         68   dflti.o
       208          6          0          0          0         88   dmul.o
        40          0          0          0          0         60   f2d.o
       130          0          0          0          0        144   fepilogue.o
        14          0          0          0          0         68   ffltui.o

    ----------------------------------------------------------------------
      2016         60          0          4          0       1584   Library Totals
         2          0          0          0          0          0   (incl. Padding)

    ----------------------------------------------------------------------

      Code (inc. data)   RO Data    RW Data    ZI Data      Debug   Library Name

       678         28          0          4          0        644   mc_p.l
      1336         32          0          0          0        940   mf_p.l

    ----------------------------------------------------------------------
      2016         60          0          4          0       1584   Library Totals

    ----------------------------------------------------------------------

==============================================================================


      Code (inc. data)   RO Data    RW Data    ZI Data      Debug   

      9048        366        560         60       1204     163619   Grand Totals
      9048        366        560         60       1204     163619   ELF Image Totals
      9048        366        560         60          0          0   ROM Totals

==============================================================================

    Total RO  Size (Code + RO Data)                 9608 (   9.38kB)
    Total RW  Size (RW Data + ZI Data)              1264 (   1.23kB)
    Total ROM Size (Code + RO Data + RW Data)       9668 (   9.44kB)

==============================================================================

